40 40
TERRAIN
Ww FALSE TRUE sprites.png 6 3
FS FALSE FALSE sprites.png 0 1
FU FALSE FALSE sprites.png 2 2
DD FALSE FALSE sprites.png 10 2
.. TRUE TRUE sprites.png 5 3
gg TRUE TRUE sprites.png 3 3
bs TRUE TRUE sprites.png 0 3
bu TRUE TRUE sprites.png 8 2
START
..........DD......................................DD......................DD....
..........DDDD............................................................DD....
................................................................DD..............
..............................................DD................................
..........DDDD..............................................................DD..
DDDD....DDDD........................DD......................DD..................
..DD....DD......................................................................
....................DD..................DD......................................
................................................................................
................................................................................
....................WwWwWwWwbubuWwWwWwWwWwWwWwWwWwWwWwWwWwWw......DD............
....................WwWwWwWwbsbsbsbsbsbsbsbsbsbsbsWwWwWwWwWw....................
....................WwWwWwWwbsbsbsbsbsbsbsbsbsbsbsWwWwWwWwWw............DD......
....................WwWwWwWwWwWwWwWwWwWwWwWwWwbubuWwWwWwWwWw....................
....DDDD............WwWwWwWwFSFSFSFSFSFSFSFSFSggggFUWwggggbs....................
....................WwggggbsggggggggggggggggggggggFUWwggggbs....................
....................WwggggbsggggggggggggggggggggggFUWwbubuWw..........DD........
....................WwbubuWwFUggggggggggggggggggggFUWwbubuWw....................
....................WwbubuWwFUggggggggggggggggggggFUWwbubuWw....DD..............
....................WwbubuWwFUggggggggggggggggggggFUWwbubuWw....................
....................WwbubuWwFUggggggggggggggggggggFUWwbubuWw....................
............DDDD....WwbubuWwFUggggggggggggggggggggFUWwbubuWw....................
..............DD....WwbubuWwFUggggggggggggggggggggFUWwbubuWw....................
....................WwbubuWwFUggggggggggggggggggggggbsggggWw................DD..
....................bsggggWwFUggggggggggggggggggggggbsggggWw....................
....................bsggggWwFUggggFSFSFSFSFSFSFSFSFSWwWwWwWw............DD......
......DD............WwWwWwWwWwbubuWwWwWwWwWwWwWwWwWwWwWwWwWw........DDDD........
....................WwWwWwWwWwggggbsbsbsbsbsbsbsggggWwWwWwWw....................
....................WwWwWwWwWwggggbsbsbsbsbsbsbsggggWwWwWwWw....................
....................WwWwWwWwWwWwWwWwWwWwWwWwWwWwbubuWwWwWwWw....................
............DD..................................................................
................................................................................
....DDDDDD..............................................DD......................
....DD..DD......................DD....................................DD....DD..
....DD..............................................................DDDD....DDDD
....DD............................................DD..............DDDD..........
................................................................................
....................................DD..........................................
..................DD....................................DD........DDDD..........
....................................................................DD..........
END
UNITS
aa TRUE
mm FALSE
bb FALSE
START
aaaaaaaa..DD......................................DD......................DD....
aaaaaaaa..DDDD............................................................DD....
aaaaaaaa........................................................DD..............
aaaaaaaa......................................DD................................
aaaaaaaa..DDDD..............................................................DD..
DDDD....DDDD........................DD......................DD..................
..DD....DD......................................................................
aaaa................DD..................DD......................................
aaaa........bbbb................................................................
aaaa........bbbb................................................................
aaaa........bbbb....WwWwWwWwbubuWwWwWwWwWwWwWwWwWwWwWwWwWwWw......DD............
............bbbb....WwWwWwWwbsbsbsbsbsbsbsbsbsbsbsWwWwWwWwWw....................
............bbbb....WwWwWwWwbsbsbsbsbsbsbsbsbsbsbsWwWwWwWwWw............DD......
....................WwWwWwWwWwWwWwWwWwWwWwWwWwbubuWwWwWwWwWw....................
....DDDD............WwWwWwWwFSFSFSFSFSFSFSFSFSggggFUWwggggbs....................
....................WwggggbsggggggggggggggggggggggFUWwggggbs....................
....................WwggggbsggggggggggggggggggggggFUWwbubuWw..........DD........
....................WwbubuWwFUggggggggggggggggggggFUWwbubuWw....................
....................WwbubuWwFUggggggggggggggggggggFUWwbubuWw....DD..............
....................WwbubuWwFUmmmmbbbbggggggggggggFUWwbubuWw....................
....................WwbubuWwFUggggbbbbggggggggggggFUWwbubuWw....................
............DDDD....WwbubuWwFUggggbbbbggggggggggggFUWwbubuWw....................
..............DD....WwbubuWwFUggggbbbbggggggggggggFUWwbubuWw....................
....................WwbubuWwFUggggbbbbggggggggggggggbsggggWw................DD..
....................bsggggWwFUggggbbbbggggggggggggggbsggggWw....................
....................bsggggWwFUggggFSFSFSFSFSFSFSFSFSWwWwWwWw............DD......
......DD............WwWwWwWwWwbubuWwWwWwWwWwWwWwWwWwWwWwWwWw........DDDD........
....................WwWwWwWwWwggggbsbsbsbsbsbsbsggggWwWwWwWw....................
....................WwWwWwWwWwggggbsbsbsbsbsbsbsggggWwWwWwWw....................
....................WwWwWwWwWwWwWwWwWwWwWwWwWwWwbubuWwWwWwWw....................
............DD..................................................................
.....................aaaaaa.....................................................
....DDDDDD...........aaaaaa.............................DD......................
....DD..DD...........aaaaaa.....DD....................................DD....DD..
....DD...............aaaaaa.........................................DDDD....DDDD
....DD...............aaaaaa.......................DD..............DDDD..bbbbbbbb
.....................aaaaaa.............................................bbbbbbbb
....................................DD..................................bbbbbbbb
..................DD....................................DD........DDDD..bbbbbbbb
....................................................................DD..bbbbbbbb
END
